4th@http://downloads.sourceforge.net/project/forth-4th/4th-3.62.4/4th-3.62.4-unix.tar.gz
acl@http://download.savannah.gnu.org/releases/acl/acl-2.2.52.src.tar.gz
acpid@http://downloads.sourceforge.net/project/acpid2/acpid-2.0.28.tar.xz
adwaita-icon-theme@http://ftp.gnome.org/pub/gnome/sources/adwaita-icon-theme/3.22/adwaita-icon-theme-3.22.0.tar.xz
alsa-lib@ftp://ftp.alsa-project.org/pub/lib/alsa-lib-1.1.3.tar.bz2
alsa-utils@ftp://ftp.alsa-project.org/pub/utils/alsa-utils-1.1.3.tar.bz2
apr-util@http://archive.apache.org/dist/apr/apr-util-1.5.4.tar.gz
apr@http://archive.apache.org/dist/apr/apr-1.5.1.tar.gz
atk@http://ftp.gnome.org/pub/gnome/sources/atk/2.22/atk-2.22.0.tar.xz
attr@http://download.savannah.gnu.org/releases/attr/attr-2.4.47.src.tar.gz
autoconf@http://ftpmirror.gnu.org/autoconf/autoconf-2.69.tar.xz
automake@http://ftpmirror.gnu.org/automake/automake-1.15.tar.xz
bash@http://ftpmirror.gnu.org/bash/bash-4.4.tar.gz
bc@http://alpha.gnu.org/gnu/bc/bc-1.06.95.tar.bz2
berkeleydb@http://download.oracle.com/berkeley-db/db-5.3.28.NC.tar.gz
binutils-tgt@http://ftpmirror.gnu.org/binutils/binutils-2.28.tar.bz2
binutils@http://ftpmirror.gnu.org/binutils/binutils-2.28.tar.bz2
bison@http://ftpmirror.gnu.org/bison/bison-3.0.4.tar.xz
bitstream-vera@http://ftp.gnome.org/pub/GNOME/sources/ttf-bitstream-vera/1.10/ttf-bitstream-vera-1.10.tar.bz2
bluez-tools@https://github.com/khvzak/bluez-tools/archive/171181b6ef6c94aefc828dc7fd8de136b9f97532/bluez-tools-171181b6ef6c94aefc828dc7fd8de136b9f97532.tar.gz
bluez_utils@https://cdn.kernel.org/pub/linux/bluetooth/bluez-4.101.tar.xz
bridge-utils@https://cdn.kernel.org/pub/linux/utils/net/bridge-utils/bridge-utils-1.6.tar.xz
btrfs-progs@https://cdn.kernel.org/pub/linux/kernel/people/kdave/btrfs-progs/btrfs-progs-v4.10.2.tar.xz
busybox-init@http://www.busybox.net/downloads/busybox-1.26.2.tar.bz2
busybox-pwdutils@http://www.busybox.net/downloads/busybox-1.26.2.tar.bz2
busybox-utils@http://www.busybox.net/downloads/busybox-1.26.2.tar.bz2
busybox@http://www.busybox.net/downloads/busybox-1.26.2.tar.bz2
bzip2@http://www.bzip.org/1.0.6/bzip2-1.0.6.tar.gz
ca-certificates@http://snapshot.debian.org/archive/debian/20161205T153846Z/pool/main/c/ca-certificates/ca-certificates_20161130.tar.xz
cairo@http://cairographics.org/releases/cairo-1.14.8.tar.xz
cdrkit@http://snapshot.debian.org/archive/debian/20141023T043132Z/pool/main/c/cdrkit/cdrkit_1.1.11.orig.tar.gz
check@https://github.com/libcheck/check/releases/download/0.11.0/check-0.11.0.tar.gz
cifs-utils@http://ftp.samba.org/pub/linux-cifs/cifs-utils/cifs-utils-6.6.tar.bz2
cmake@https://cmake.org/files/v3.7/cmake-3.7.2.tar.gz
coreutils@http://ftpmirror.gnu.org/coreutils/coreutils-8.26.tar.xz
cpio@http://ftpmirror.gnu.org/cpio/cpio-2.12.tar.gz
cryptsetup@https://cdn.kernel.org/pub/linux/utils/cryptsetup/v1.7/cryptsetup-1.7.4.tar.xz
ctorrent@http://www.rahul.net/dholmes/ctorrent/ctorrent-dnh3.3.2.tar.gz
cups@https://github.com/apple/cups/releases/download/v2.2.3/cups-2.2.3-source.tar.gz
dbus-glib@http://dbus.freedesktop.org/releases/dbus-glib/dbus-glib-0.108.tar.gz
dbus@http://dbus.freedesktop.org/releases/dbus/dbus-1.10.18.tar.gz
dejavu@http://sourceforge.net/projects/dejavu/files/dejavu/2.35/dejavu-fonts-ttf-2.35.tar.bz2
desktop-file-utils@https://www.freedesktop.org/software/desktop-file-utils/releases/desktop-file-utils-0.23.tar.xz
dhcpcd@http://roy.marples.name/downloads/dhcpcd/dhcpcd-6.11.5.tar.xz
dialog@ftp://invisible-island.net/dialog/dialog-1.2-20150125.tgz
diffutils@http://ftpmirror.gnu.org/diffutils/diffutils-3.5.tar.xz
dmalloc@http://dmalloc.com/releases/dmalloc-5.5.2.tgz
dmraid@http://people.redhat.com/~heinzm/sw/dmraid/src/dmraid-1.0.0.rc16-3.tar.bz2
dnsmasq@http://thekelleys.org.uk/dnsmasq/dnsmasq-2.76.tar.xz
dosfstools@https://github.com/dosfstools/dosfstools/releases/download/v4.0/dosfstools-4.0.tar.xz
e2fsprogs@https://cdn.kernel.org/pub/linux/kernel/people/tytso/e2fsprogs/v1.43.4/e2fsprogs-1.43.4.tar.xz
ebtables@http://ftp.netfilter.org/pub/ebtables/ebtables-v2.0.10-4.tar.gz
ecryptfs-utils@https://launchpad.net/ecryptfs/trunk/109/+download/ecryptfs-utils_109.orig.tar.gz
elfutils@https://sourceware.org/elfutils/ftp/0.166/elfutils-0.166.tar.bz2
enchant@http://www.abisource.com/downloads/enchant/1.6.0/enchant-1.6.0.tar.gz
ethtool@https://cdn.kernel.org/pub/software/network/ethtool/ethtool-4.10.tar.xz
eudev@http://dev.gentoo.org/~blueness/eudev/eudev-3.2.2.tar.gz
eventlog@https://my.balabit.com/downloads/eventlog/0.2/eventlog_0.2.12.tar.gz
exfat-utils@https://github.com/relan/exfat/releases/download/v1.2.4/exfat-utils-1.2.4.tar.gz
exfat@https://github.com/relan/exfat/releases/download/v1.2.4/fuse-exfat-1.2.4.tar.gz
expat@http://downloads.sourceforge.net/project/expat/expat/2.2.0/expat-2.2.0.tar.bz2
fbset@http://users.telenet.be/geertu/Linux/fbdev/fbset-2.1.tar.gz
fbterm@https://storage.googleapis.com/google-code-archive-downloads/v2/code.google.com/fbterm/fbterm-1.7.0.tar.gz
fbv@http://s-tech.elsat.net.pl/fbv/fbv-1.0b.tar.gz
feh@http://feh.finalrewind.org/feh-2.17.1.tar.bz2
ffmpeg@http://ffmpeg.org/releases/ffmpeg-3.3.1.tar.xz
fftw@http://www.fftw.org/fftw-3.3.4.tar.gz
file@ftp://ftp.astron.com/pub/file/file-5.30.tar.gz
findutils@http://ftpmirror.gnu.org/findutils/findutils-4.6.0.tar.gz
flex@http://download.sourceforge.net/project/flex/flex-2.5.37.tar.gz
fluxbox@http://downloads.sourceforge.net/project/fluxbox/fluxbox/1.3.7/fluxbox-1.3.7.tar.xz
fontconfig@http://fontconfig.org/release/fontconfig-2.12.1.tar.bz2
freerdp@https://github.com/FreeRDP/FreeRDP/archive/17834af7bb378f85a3b3cc4dcadaa5125a337e16/freerdp-17834af7bb378f85a3b3cc4dcadaa5125a337e16.tar.gz
freetype@http://download.savannah.gnu.org/releases/freetype/freetype-2.7.1.tar.bz2
gawk@http://ftpmirror.gnu.org/gawk/gawk-4.1.4.tar.xz
gcr@http://ftp.acc.umu.se/pub/gnome/sources/gcr/3.20/gcr-3.20.0.tar.xz
gdbm@http://ftpmirror.gnu.org/gdbm/gdbm-1.12.tar.gz
gdk-pixbuf@http://ftp.gnome.org/pub/gnome/sources/gdk-pixbuf/2.36/gdk-pixbuf-2.36.6.tar.xz
gettext@http://ftpmirror.gnu.org/gettext/gettext-0.19.8.1.tar.xz
giflib@http://downloads.sourceforge.net/project/giflib/giflib-5.1.4.tar.bz2
git@https://www.kernel.org/pub/software/scm/git/git-2.12.3.tar.xz
glib-networking@http://ftp.gnome.org/pub/gnome/sources/glib-networking/2.50/glib-networking-2.50.0.tar.xz
glibc-tgt@http://ftpmirror.gnu.org/libc/glibc-2.25.tar.xz
gmp@http://ftpmirror.gnu.org/gmp/gmp-6.1.2.tar.xz
gnupg2@ftp://ftp.gnupg.org/gcrypt/gnupg/gnupg-2.1.20.tar.bz2
gnutls@ftp://ftp.gnutls.org/gcrypt/gnutls/v3.5/gnutls-3.5.12.tar.xz
gperf@http://ftpmirror.gnu.org/gperf/gperf-3.0.4.tar.gz
gpm@http://www.nico.schottelius.org/software/gpm/archives/gpm-1.20.7.tar.lzma
gptfdisk@http://downloads.sourceforge.net/sourceforge/gptfdisk/gptfdisk-1.0.1.tar.gz
granite@https://launchpad.net/granite/0.4/0.4.0.1/+download/granite-0.4.0.1.tar.xz
grep@http://ftpmirror.gnu.org/grep/grep-3.0.tar.xz
groff@https://ftp.osuosl.org/pub/lfs/lfs-packages/8.0/groff-1.22.3.tar.gz
grub-dist@http://ftpmirror.gnu.org/grub/grub-2.02.tar.xz
gtk2-engines@http://ftp.gnome.org/pub/GNOME/sources/gtk-engines/2.20/gtk-engines-2.20.2.tar.bz2
gzip@http://ftpmirror.gnu.org/gzip/gzip-1.8.tar.xz
harfbuzz@https://www.freedesktop.org/software/harfbuzz/release/harfbuzz-1.4.6.tar.bz2
hdparm@http://downloads.sourceforge.net/project/hdparm/hdparm/hdparm-9.51.tar.gz
heimdal@http://www.h5l.org/dist/src/heimdal-7.1.0.tar.gz
hicolor-icon-theme@http://icon-theme.freedesktop.org/releases/hicolor-icon-theme-0.15.tar.xz
htop@http://hisham.hm/htop/releases/2.0.2/htop-2.0.2.tar.gz
icu@http://download.icu-project.org/files/icu4c/58.2/icu4c-58_2-src.tgz
imlib2@http://downloads.sourceforge.net/project/enlightenment/imlib2-src/1.4.9/imlib2-1.4.9.tar.bz2
inotify-tools@https://github.com/rvoicilas/inotify-tools/archive/1df9af4d6cd0f4af4b1b19254bcf056aed4ae395/inotify-tools-1df9af4d6cd0f4af4b1b19254bcf056aed4ae395.tar.gz
intltool@https://launchpad.net/intltool/trunk/0.51.0/+download/intltool-0.51.0.tar.gz
iptables@http://ftp.netfilter.org/pub/iptables/iptables-1.6.1.tar.bz2
iptraf-ng@https://fedorahosted.org/releases/i/p/iptraf-ng/iptraf-ng-1.1.4.tar.gz
iw@https://cdn.kernel.org/pub/software/network/iw/iw-4.9.tar.xz
joe@http://downloads.sourceforge.net/project/joe-editor/JOE%20sources/joe-3.7/joe-3.7.tar.gz
jpeg-turbo@http://downloads.sourceforge.net/project/libjpeg-turbo/1.5.1/libjpeg-turbo-1.5.1.tar.gz
json-c@https://github.com/json-c/json-c/archive/json-c-0.12.1-20160607/json-c-json-c-0.12.1-20160607.tar.gz
jsoncpp@https://github.com/open-source-parsers/jsoncpp/archive/1.7.7/jsoncpp-1.7.7.tar.gz
kbd@https://cdn.kernel.org/pub/linux/utils/kbd/kbd-2.0.3.tar.xz
keyutils@http://people.redhat.com/~dhowells/keyutils/keyutils-1.5.9.tar.bz2
kmod@https://cdn.kernel.org/pub/linux/utils/kernel/kmod/kmod-24.tar.xz
leafpad@http://savannah.nongnu.org/download/leafpad/leafpad-0.8.18.1.tar.gz
less@http://ftpmirror.gnu.org/less/less-487.tar.gz
lftp@http://lftp.yar.ru/ftp/lftp-4.7.4.tar.xz
libao@http://downloads.xiph.org/releases/ao/libao-1.2.0.tar.gz
libarchive@http://www.libarchive.org/downloads/libarchive-3.2.1.tar.gz
libassuan@ftp://ftp.gnupg.org/gcrypt/libassuan/libassuan-2.4.3.tar.bz2
libatasmart@http://0pointer.de/public/libatasmart-0.19.tar.xz
libcap-ng@http://people.redhat.com/sgrubb/libcap-ng/libcap-ng-0.7.8.tar.gz
libcap@https://www.kernel.org/pub/linux/libs/security/linux-privs/libcap2/libcap-2.25.tar.xz
libcroco@http://ftp.gnome.org/pub/gnome/sources/libcroco/0.6/libcroco-0.6.12.tar.xz
libcurl@https://curl.haxx.se/download/curl-7.54.0.tar.bz2
libdrm@http://dri.freedesktop.org/libdrm/libdrm-2.4.80.tar.bz2
libdvdcss@http://www.videolan.org/pub/videolan/libdvdcss/1.4.0/libdvdcss-1.4.0.tar.bz2
libdvdnav@http://www.videolan.org/pub/videolan/libdvdnav/5.0.3/libdvdnav-5.0.3.tar.bz2
libdvdread@http://www.videolan.org/pub/videolan/libdvdread/5.0.3/libdvdread-5.0.3.tar.bz2
libebml@http://dl.matroska.org/downloads/libebml/libebml-1.3.3.tar.bz2
libepoxy@http://ftp.gnome.org/pub/gnome/sources/libepoxy/1.4/libepoxy-1.4.1.tar.xz
liberation@https://releases.pagure.org/liberation-fonts/liberation-fonts-ttf-2.00.1.tar.gz
libevdev@http://www.freedesktop.org/software/libevdev/libevdev-1.5.6.tar.xz
libevent@https://github.com/libevent/libevent/releases/download/release-2.1.8-stable/libevent-2.1.8-stable.tar.gz
libffi@ftp://sourceware.org/pub/libffi/libffi-3.2.1.tar.gz
libfm-extra@http://sourceforge.net/projects/pcmanfm/files/libfm-1.2.4.tar.xz
libfm@http://sourceforge.net/projects/pcmanfm/files/libfm-1.2.4.tar.xz
libfuse@https://github.com/libfuse/libfuse/releases/download/fuse-2.9.7/fuse-2.9.7.tar.gz
libgcrypt@ftp://ftp.gnupg.org/gcrypt/libgcrypt/libgcrypt-1.7.6.tar.bz2
libgee@http://ftp.gnome.org/pub/gnome/sources/libgee/0.18/libgee-0.18.1.tar.xz
libglade@http://ftp.gnome.org/pub/GNOME/sources/libglade/2.6/libglade-2.6.4.tar.bz2
libglib2@http://ftp.gnome.org/pub/gnome/sources/glib/2.50/glib-2.50.3.tar.xz
libgpg-error@ftp://ftp.gnupg.org/gcrypt/libgpg-error/libgpg-error-1.27.tar.gz
libgtk2@http://ftp.gnome.org/pub/gnome/sources/gtk+/2.24/gtk+-2.24.31.tar.xz
libgtk3@http://ftp.gnome.org/pub/gnome/sources/gtk+/3.22/gtk+-3.22.26.tar.xz
libgudev@http://ftp.gnome.org/pub/GNOME/sources/libgudev/230/libgudev-230.tar.xz
libinput@http://www.freedesktop.org/software/libinput/libinput-1.7.0.tar.xz
libksba@ftp://ftp.gnupg.org/gcrypt/libksba/libksba-1.3.5.tar.bz2
libmatroska@http://dl.matroska.org/downloads/libmatroska/libmatroska-1.4.4.tar.bz2
libmng@http://downloads.sourceforge.net/project/libmng/libmng-devel/2.0.3/libmng-2.0.3.tar.xz
libmnl@http://netfilter.org/projects/libmnl/files/libmnl-1.0.4.tar.bz2
libnftnl@http://netfilter.org/projects/libnftnl/files/libnftnl-1.0.7.tar.bz2
libnl@https://github.com/thom311/libnl/releases/download/libnl3_3_0/libnl-3.3.0.tar.gz
libnpth@ftp://ftp.gnupg.org/gcrypt/npth/npth-1.3.tar.bz2
libnspr@https://ftp.mozilla.org/pub/mozilla.org/nspr/releases/v4.14/src/nspr-4.14.tar.gz
libnss@https://ftp.mozilla.org/pub/mozilla.org/security/nss/releases/NSS_3_30_2_RTM/src/nss-3.30.2.tar.gz
libogg@http://downloads.xiph.org/releases/ogg/libogg-1.3.2.tar.xz
libpcap@http://www.tcpdump.org/release/libpcap-1.8.1.tar.gz
libpciaccess@http://xorg.freedesktop.org/releases/individual/lib/libpciaccess-0.13.5.tar.bz2
libpipeline@https://ftp.osuosl.org/pub/lfs/lfs-packages/8.0/libpipeline-1.4.1.tar.gz
libpng@http://downloads.sourceforge.net/project/libpng/libpng16/1.6.29/libpng-1.6.29.tar.xz
libpthread-stubs@http://xcb.freedesktop.org/dist/libpthread-stubs-0.4.tar.bz2
librsvg@http://ftp.gnome.org/pub/gnome/sources/librsvg/2.40/librsvg-2.40.16.tar.xz
libsecret@http://ftp.gnome.org/pub/GNOME/sources/libsecret/0.18/libsecret-0.18.5.tar.xz
libsigc@http://ftp.gnome.org/pub/GNOME/sources/libsigc++/2.10/libsigc++-2.10.0.tar.xz
libsndfile@http://www.mega-nerd.com/libsndfile/files/libsndfile-1.0.28.tar.gz
libsoup@http://ftp.gnome.org/pub/gnome/sources/libsoup/2.56/libsoup-2.56.0.tar.xz
libssh@https://red.libssh.org/attachments/download/195/libssh-0.7.3.tar.xz
libtasn1@http://ftpmirror.gnu.org/libtasn1/libtasn1-4.9.tar.gz
libtheora@http://downloads.xiph.org/releases/theora/libtheora-1.1.1.tar.xz
libtirpc@http://downloads.sourceforge.net/project/libtirpc/libtirpc/1.0.1/libtirpc-1.0.1.tar.bz2
libtool@http://ftpmirror.gnu.org/libtool/libtool-2.4.6.tar.xz
libtorrent@http://rtorrent.net/downloads/libtorrent-0.13.6.tar.gz
libunistring@http://ftpmirror.gnu.org/libunistring/libunistring-0.9.7.tar.xz
libusb@https://github.com/libusb/libusb/releases/download/v1.0.21/libusb-1.0.21.tar.bz2
libuv@https://github.com/libuv/libuv/archive/v1.11.0/libuv-v1.11.0.tar.gz
libva-intel-driver@https://github.com/01org/intel-vaapi-driver/releases/download/1.8.1/intel-vaapi-driver-1.8.1.tar.bz2
libva@https://github.com/01org/libva/releases/download/1.8.1/libva-1.8.1.tar.bz2
libvdpau@http://people.freedesktop.org/~aplattner/vdpau/libvdpau-1.1.1.tar.bz2
libvorbis@http://downloads.xiph.org/releases/vorbis/libvorbis-1.3.5.tar.xz
libxkbcommon@http://xkbcommon.org/download/libxkbcommon-0.7.1.tar.xz
libxml-parser-perl@http://cpan.metacpan.org/authors/id/T/TO/TODDR/XML-Parser-2.44.tar.gz
libxml2@ftp://xmlsoft.org/libxml2/libxml2-2.9.4.tar.gz
libxslt@ftp://xmlsoft.org/libxslt/libxslt-1.1.29.tar.gz
links@http://links.twibright.com/download/links-2.14.tar.bz2
linux-pam@http://linux-pam.org/library/Linux-PAM-1.3.0.tar.bz2
lm-sensors@http://snapshot.debian.org/archive/debian/20170208T211941Z/pool/main/l/lm-sensors/lm-sensors_3.4.0.orig.tar.bz2
logrotate@https://github.com/logrotate/logrotate/archive/3.11.0/logrotate-3.11.0.tar.gz
ltrace@git://anonscm.debian.org/collab-maint/ltrace.git/ltrace-c22d359433b333937ee3d803450dc41998115685.tar.gz
lua@http://www.lua.org/ftp/lua-5.3.4.tar.gz
lvm2@ftp://sources.redhat.com/pub/lvm2/releases/LVM2.2.02.170.tgz
lz4@https://github.com/lz4/lz4/archive/v1.7.5/lz4-v1.7.5.tar.gz
lzo@http://www.oberhumer.com/opensource/lzo/download/lzo-2.09.tar.gz
m4@http://ftpmirror.gnu.org/m4/m4-1.4.18.tar.xz
make@http://ftpmirror.gnu.org/make/make-4.2.1.tar.bz2
man-db@https://ftp.osuosl.org/pub/lfs/lfs-packages/8.0/man-db-2.7.6.1.tar.xz
mc@http://ftp.midnight-commander.org/mc-4.8.19.tar.xz
mdadm@https://cdn.kernel.org/pub/linux/utils/raid/mdadm/mdadm-3.3.4.tar.xz
menu-cache@http://sourceforge.net/projects/lxde/files/menu-cache/1.0/menu-cache-1.0.1.tar.xz
mesa3d@https://mesa.freedesktop.org/archive/mesa-17.0.7.tar.xz
mpc@http://ftpmirror.gnu.org/mpc/mpc-1.0.3.tar.gz
mpdecimal@http://www.bytereef.org/software/mpdecimal/releases/mpdecimal-2.4.1.tar.gz
mpfr@http://www.mpfr.org/mpfr-3.1.5/mpfr-3.1.5.tar.xz
mpg123@http://downloads.sourceforge.net/project/mpg123/mpg123/1.23.8/mpg123-1.23.8.tar.bz2
mtdev@http://bitmath.org/code/mtdev/mtdev-1.1.4.tar.bz2
mtools@http://ftpmirror.gnu.org/mtools/mtools-4.0.18.tar.bz2
nano@https://www.nano-editor.org/dist/v2.8/nano-2.8.1.tar.xz
nasm@http://www.nasm.us/pub/nasm/releasebuilds/2.12.02/nasm-2.12.02.tar.xz
ncurses@http://ftpmirror.gnu.org/ncurses/ncurses-6.0.tar.gz
net-tools@git://git.code.sf.net/p/net-tools/code/net-tools-3f170bff115303e92319791cbd56371e33dcbf6d.tar.gz
netcat@http://downloads.sourceforge.net/project/netcat/netcat/0.7.1/netcat-0.7.1.tar.gz
nettle@http://www.lysator.liu.se/~nisse/archive/nettle-3.3.tar.gz
nfs-utils@https://www.kernel.org/pub/linux/utils/nfs-utils/1.3.3/nfs-utils-1.3.3.tar.xz
nmap@http://nmap.org/dist/nmap-7.40.tar.bz2
ntfs-3g@http://tuxera.com/opensource/ntfs-3g_ntfsprogs-2017.3.23.tgz
ntp@https://www.eecis.udel.edu/~ntp/ntp_spool/ntp4/ntp-4.2/ntp-4.2.8p10.tar.gz
openbox@http://openbox.org/dist/openbox/openbox-3.6.1.tar.xz
openjpeg@https://github.com/uclouvain/openjpeg/archive/v2.1.2/openjpeg-2.1.2.tar.gz
openldap@http://www.openldap.org/software/download/OpenLDAP/openldap-release/openldap-2.4.44.tgz
openrc@https://gitweb.gentoo.org/proj/openrc.git/snapshot/openrc-0.26.3.tar.gz
openssh@http://ftp.openbsd.org/pub/OpenBSD/OpenSSH/portable/openssh-7.5p1.tar.gz
openssl@http://www.openssl.org/source/openssl-1.0.2k.tar.gz
opkg@http://git.yoctoproject.org/git/opkg/opkg-v0.3.1.tar.gz
p11-kit@http://p11-glue.freedesktop.org/releases/p11-kit-0.23.2.tar.gz
p7zip@http://downloads.sourceforge.net/project/p7zip/p7zip/15.14.1/p7zip_15.14.1_src_all.tar.bz2
pango@http://ftp.gnome.org/pub/GNOME/sources/pango/1.40/pango-1.40.14.tar.xz
parted@http://ftpmirror.gnu.org/parted/parted-3.1.tar.xz
patch@http://ftpmirror.gnu.org/patch/patch-2.7.5.tar.xz
pciutils@https://cdn.kernel.org/pub/software/utils/pciutils/pciutils-3.5.2.tar.xz
pcmanfm@http://sourceforge.net/projects/pcmanfm/files/pcmanfm-1.2.4.tar.xz
pcre@https://ftp.pcre.org/pub/pcre/pcre-8.40.tar.bz2
perl@http://www.cpan.org/src/5.0/perl-5.24.1.tar.xz
pixman@http://xorg.freedesktop.org/releases/individual/lib/pixman-0.34.0.tar.bz2
pkgconf@https://github.com/pkgconf/pkgconf/releases/download/pkgconf-0.9.12/pkgconf-0.9.12.tar.bz2
polkit@http://www.freedesktop.org/software/polkit/releases/polkit-0.103.tar.gz
poppler@http://poppler.freedesktop.org/poppler-0.54.0.tar.xz
popt@http://rpm5.org/files/popt/popt-1.16.tar.gz
pppd@https://download.samba.org/pub/ppp/ppp-2.4.7.tar.gz
pps-tools@https://github.com/ago/pps-tools/archive/47333f24af878f67ce48022e8af16419713aa1ac/pps-tools-47333f24af878f67ce48022e8af16419713aa1ac.tar.gz
pptp-linux@http://downloads.sourceforge.net/project/pptpclient/pptp/pptp-1.8.0/pptp-1.8.0.tar.gz
procps-ng@http://downloads.sourceforge.net/project/procps-ng/Production/procps-ng-3.3.12.tar.xz
psmisc@http://downloads.sourceforge.net/project/psmisc/psmisc/psmisc-22.21.tar.gz
pulseaudio@http://freedesktop.org/software/pulseaudio/releases/pulseaudio-9.0.tar.xz
python-can@https://pypi.python.org/packages/source/p/python-can/python-can-1.4.3.tar.gz
python-cffi@https://pypi.python.org/packages/a1/32/e3d6c3a8b5461b903651dd6ce958ed03c093d2e00128e3f33ea69f1d7965/cffi-1.9.1.tar.gz
python-engineio@https://pypi.python.org/packages/c3/8f/0e066fc7a7029893b96b1d68a0cd5e75f6410f154fa4079b2be4991f5ae0/python-engineio-0.9.2.tar.gz
python-gobject@http://ftp.gnome.org/pub/gnome/sources/pygobject/2.28/pygobject-2.28.6.tar.xz
python-idna@https://pypi.python.org/packages/94/fe/efb1cb6f505e1a560b3d080ae6b9fddc11e7c542d694ce4635c49b1ccdcb/idna-2.2.tar.gz
python-numpy@http://downloads.sourceforge.net/numpy/numpy-1.8.0.tar.gz
python-psutil@https://pypi.python.org/packages/3c/2f/f3ab91349c666f009077157b12057e613a3152a46a6c3be883777546b6de/psutil-5.2.0.tar.gz
python-pyasn@https://pypi.python.org/packages/source/p/pyasn1/pyasn1-0.1.9.tar.gz
python-pycrypto@http://ftp.dlitz.net/pub/dlitz/crypto/pycrypto/pycrypto-2.6.1.tar.gz
python-pyelftools@https://pypi.python.org/packages/ba/78/d4a186a2e38731286c99dc3e3ca8123b6f55cf2e28608e8daf2d84b65494/pyelftools-0.24.tar.gz
python-pyinotify@https://github.com/seb-m/pyinotify/archive/0.9.6/python-pyinotify-0.9.6.tar.gz
python-pyparted@https://github.com/rhinstaller/pyparted/archive/v3.10.7/python-pyparted-v3.10.7.tar.gz
python-pysocks@https://pypi.python.org/packages/fd/70/ba9982cedc9b3ed3c06934f1f46a609e0f23c7bfdf567c52a09f1296b8cb/PySocks-1.6.6.tar.gz
python-pyudev@https://pypi.python.org/packages/source/p/pyudev/pyudev-0.18.tar.gz
python-pyusb@https://pypi.python.org/packages/8a/19/66fb48a4905e472f5dfeda3a1bafac369fbf6d6fc5cf55b780864962652d/PyUSB-1.0.0.tar.gz
python-requests@https://pypi.python.org/packages/16/09/37b69de7c924d318e51ece1c4ceb679bf93be9d05973bb30c35babd596e2/requests-2.13.0.tar.gz
python-serial@https://pypi.python.org/packages/ce/9c/694ce79a9d4a164e109aeba1a40fba23336f3b7554978553e22a5d41d54d/pyserial-3.1.tar.gz
python-setuptools@http://pypi.python.org/packages/source/s/setuptools/setuptools-18.7.1.tar.gz
python-six@https://pypi.python.org/packages/source/s/six/six-1.10.0.tar.gz
python-socketio@https://pypi.python.org/packages/da/00/66103df6a116a2ce3ea662a9c8c80f337d43d7f138caf04e9af6dec24ba7/python-socketio-1.4.1.tar.gz
python-urllib3@https://pypi.python.org/packages/20/56/a6aa403b0998f857b474a538343ee483f5c02491bd1aebf61d42a3f60f77/urllib3-1.20.tar.gz
python3@http://python.org/ftp/python/3.6.4/Python-3.6.4.tar.xz
quota@http://downloads.sourceforge.net/project/linuxquota/quota-tools/4.01/quota-4.01.tar.gz
ramsmp@http://www.alasir.com/software/ramspeed/ramsmp-3.5.0.tar.gz
read-edid@http://www.polypux.org/projects/read-edid/read-edid-3.0.2.tar.gz
readline@http://ftpmirror.gnu.org/readline/readline-7.0.tar.gz
rp-pppoe@http://www.roaringpenguin.com/files/download/rp-pppoe-3.12.tar.gz
rpcbind@http://downloads.sourceforge.net/project/rpcbind/rpcbind/0.2.3/rpcbind-0.2.3.tar.bz2
rsync@http://rsync.samba.org/ftp/rsync/src/rsync-3.1.2.tar.gz
rtorrent@http://rtorrent.net/downloads/rtorrent-0.9.6.tar.gz
ruby@http://cache.ruby-lang.org/pub/ruby/2.4/ruby-2.4.1.tar.xz
screen@http://ftpmirror.gnu.org/screen/screen-4.5.1.tar.gz
sdparm@http://sg.danny.cz/sg/p/sdparm-1.10.tar.xz
sed@http://ftpmirror.gnu.org/sed/sed-4.4.tar.xz
sg3_utils@http://sg.danny.cz/sg/p/sg3_utils-1.42.tar.xz
shared-mime-info@https://people.freedesktop.org/~hadess/shared-mime-info-1.8.tar.xz
smartmontools@http://downloads.sourceforge.net/project/smartmontools/smartmontools/6.5/smartmontools-6.5.tar.gz
socat@http://www.dest-unreach.org/socat/download/socat-2.0.0-b9.tar.bz2
speex@http://downloads.us.xiph.org/releases/speex/speex-1.2rc1.tar.gz
sqlite@http://www.sqlite.org/2017/sqlite-autoconf-3180000.tar.gz
squashfs@https://git.kernel.org/pub/scm/fs/squashfs/squashfs-tools.git/squashfs-3de1687d7432ea9b302c2db9521996f506c140a3.tar.gz
sshfs@https://github.com/libfuse/sshfs/releases/download/sshfs_2.8/sshfs-2.8.tar.gz
subversion@http://mirror.catn.com/pub/apache/subversion/subversion-1.9.5.tar.bz2
sudo@http://www.sudo.ws/sudo/dist/sudo-1.8.19p2.tar.gz
sysklogd@http://www.infodrom.org/projects/sysklogd/download/sysklogd-1.5.1.tar.gz
syslog-ng@https://github.com/balabit/syslog-ng/releases/download/syslog-ng-3.9.1/syslog-ng-3.9.1.tar.gz
tar@http://ftpmirror.gnu.org/tar/tar-1.29.tar.xz
texinfo@https://ftp.osuosl.org/pub/lfs/lfs-packages/8.0-rc1/texinfo-6.3.tar.xz
tiff@http://download.osgeo.org/libtiff/tiff-4.0.7.tar.gz
tmux@https://github.com/tmux/tmux/releases/download/2.3/tmux-2.3.tar.gz
transmission@https://github.com/transmission/transmission-releases/raw/master/transmission-2.92.tar.xz
tree@http://mama.indstate.edu/users/ice/tree/src/tree-1.7.0.tgz
tslib@https://github.com/kergoth/tslib/releases/download/1.9/tslib-1.9.tar.xz
twolame@http://downloads.sourceforge.net/project/twolame/twolame/0.3.13/twolame-0.3.13.tar.gz
tzdata@http://www.iana.org/time-zones/repository/releases/tzdata2017b.tar.gz
udisks@http://hal.freedesktop.org/releases/udisks-1.0.5.tar.gz
unionfs@https://github.com/rpodgorny/unionfs-fuse/archive/v2.0/unionfs-2.0.tar.gz
unrar@http://www.rarlab.com/rar/unrarsrc-5.4.5.tar.gz
unzip@ftp://ftp.info-zip.org/pub/infozip/src/unzip60.tgz
upower@https://upower.freedesktop.org/releases/upower-0.99.4.tar.xz
usb_modeswitch@http://www.draisberghof.de/usb_modeswitch/usb-modeswitch-2.5.0.tar.bz2
usb_modeswitch_data@http://www.draisberghof.de/usb_modeswitch/usb-modeswitch-data-20170205.tar.bz2
usbutils@https://cdn.kernel.org/pub/linux/utils/usb/usbutils/usbutils-008.tar.xz
util-linux@https://cdn.kernel.org/pub/linux/utils/util-linux/v2.30/util-linux-2.30.1.tar.xz
vala@http://download.gnome.org/sources/vala/0.34/vala-0.34.7.tar.xz
vorbis-tools@http://downloads.xiph.org/releases/vorbis/vorbis-tools-1.4.0.tar.gz
wayland-protocols@http://wayland.freedesktop.org/releases/wayland-protocols-1.12.tar.xz
wayland@http://wayland.freedesktop.org/releases/wayland-1.14.0.tar.xz
webp@http://downloads.webmproject.org/releases/webp/libwebp-0.5.2.tar.gz
weston@http://wayland.freedesktop.org/releases/weston-3.0.0.tar.xz
wget@http://ftpmirror.gnu.org/wget/wget-1.19.1.tar.xz
whetstone@http://www.netlib.org/benchmark/whetstone.c
which@http://ftpmirror.gnu.org/which/which-2.21.tar.gz
wpa_supplicant@http://hostap.epitest.fi/releases/wpa_supplicant-2.6.tar.gz
libxcb@http://xcb.freedesktop.org/dist/libxcb-1.12.tar.bz2
xapp_bdftopcf@http://xorg.freedesktop.org/releases/individual/app/bdftopcf-1.0.5.tar.bz2
xapp_mkfontdir@http://xorg.freedesktop.org/releases/individual/app/mkfontdir-1.0.7.tar.bz2
xapp_mkfontscale@http://xorg.freedesktop.org/releases/individual/app/mkfontscale-1.1.2.tar.bz2
xapp_rgb@http://xorg.freedesktop.org/releases/individual/app/rgb-1.0.6.tar.bz2
xapp_setxkbmap@http://xorg.freedesktop.org/releases/individual/app/setxkbmap-1.3.1.tar.bz2
xapp_showfont@http://xorg.freedesktop.org/releases/individual/app/showfont-1.0.5.tar.bz2
xapp_xauth@http://xorg.freedesktop.org/releases/individual/app/xauth-1.0.10.tar.bz2
xapp_xcalc@http://xorg.freedesktop.org/releases/individual/app/xcalc-1.0.6.tar.bz2
xapp_xhost@http://xorg.freedesktop.org/releases/individual/app/xhost-1.0.7.tar.bz2
xapp_xinit@http://xorg.freedesktop.org/releases/individual/app/xinit-1.3.4.tar.bz2
xapp_xinput-calibrator@http://github.com/downloads/tias/xinput_calibrator/xinput_calibrator-0.7.5.tar.gz
xapp_xinput@http://xorg.freedesktop.org/releases/individual/app/xinput-1.6.2.tar.bz2
xapp_xkbcomp@http://xorg.freedesktop.org/releases/individual/app/xkbcomp-1.3.1.tar.bz2
xapp_xkbevd@http://xorg.freedesktop.org/releases/individual/app/xkbevd-1.1.4.tar.bz2
xapp_xkbprint@http://xorg.freedesktop.org/releases/individual/app/xkbprint-1.0.4.tar.bz2
xapp_xkbutils@http://xorg.freedesktop.org/releases/individual/app/xkbutils-1.0.4.tar.bz2
xapp_xlsfonts@http://xorg.freedesktop.org/releases/individual/app/xlsfonts-1.0.5.tar.bz2
xapp_xmessage@http://xorg.freedesktop.org/releases/individual/app/xmessage-1.0.4.tar.bz2
xapp_xmodmap@http://xorg.freedesktop.org/releases/individual/app/xmodmap-1.0.9.tar.bz2
xapp_xrandr@http://xorg.freedesktop.org/releases/individual/app/xrandr-1.5.0.tar.bz2
xapp_xrdb@http://xorg.freedesktop.org/releases/individual/app/xrdb-1.1.0.tar.bz2
xapp_xset@http://xorg.freedesktop.org/releases/individual/app/xset-1.2.3.tar.bz2
xapp_xsetmode@http://xorg.freedesktop.org/releases/individual/app/xsetmode-1.0.0.tar.bz2
xapp_xsetpointer@http://xorg.freedesktop.org/releases/individual/app/xsetpointer-1.0.0.tar.bz2
xapp_xsetroot@http://xorg.freedesktop.org/releases/individual/app/xsetroot-1.1.1.tar.bz2
xapp_xvidtune@http://xorg.freedesktop.org/releases/individual/app/xvidtune-1.0.3.tar.bz2
xcb-proto@http://xcb.freedesktop.org/dist/xcb-proto-1.12.tar.bz2
xcb-util-cursor@http://xcb.freedesktop.org/dist/xcb-util-cursor-0.1.3.tar.bz2
xcb-util-image@http://xcb.freedesktop.org/dist/xcb-util-image-0.4.0.tar.bz2
xcb-util-renderutil@http://xcb.freedesktop.org/dist/xcb-util-renderutil-0.3.9.tar.bz2
xcb-util@http://xcb.freedesktop.org/dist/xcb-util-0.3.9.tar.bz2
xdata_xbitmaps@http://xorg.freedesktop.org/releases/individual/data/xbitmaps-1.1.1.tar.bz2
xdriver_xf86-input-evdev@http://xorg.freedesktop.org/releases/individual/driver/xf86-input-evdev-2.10.5.tar.bz2
xdriver_xf86-input-joystick@http://xorg.freedesktop.org/releases/individual/driver/xf86-input-joystick-1.6.3.tar.bz2
xdriver_xf86-input-keyboard@http://xorg.freedesktop.org/releases/individual/driver/xf86-input-keyboard-1.9.0.tar.bz2
xdriver_xf86-input-libinput@http://xorg.freedesktop.org/releases/individual/driver/xf86-input-libinput-0.25.0.tar.bz2
xdriver_xf86-input-mouse@http://xorg.freedesktop.org/releases/individual/driver/xf86-input-mouse-1.9.2.tar.bz2
xdriver_xf86-input-synaptics@http://xorg.freedesktop.org/releases/individual/driver/xf86-input-synaptics-1.9.0.tar.bz2
xdriver_xf86-input-tslib@https://github.com/merge/xf86-input-tslib/releases/download/0.0.7/xf86-input-tslib-0.0.7.tar.bz2
xdriver_xf86-input-vmmouse@http://xorg.freedesktop.org/releases/individual/driver/xf86-input-vmmouse-13.1.0.tar.bz2
xfont_encodings@http://xorg.freedesktop.org/releases/individual/font/encodings-1.0.4.tar.bz2
xfont_font-alias@http://xorg.freedesktop.org/releases/individual/font/font-alias-1.0.3.tar.bz2
xfont_font-cursor-misc@http://xorg.freedesktop.org/releases/individual/font/font-cursor-misc-1.0.3.tar.bz2
xfont_font-misc-misc@http://xorg.freedesktop.org/releases/individual/font/font-misc-misc-1.1.2.tar.bz2
xfont_font-util@http://xorg.freedesktop.org/releases/individual/font/font-util-1.3.1.tar.bz2
xkeyboard-config@http://www.x.org/releases/individual/data/xkeyboard-config/xkeyboard-config-2.20.tar.bz2
xlib_libFS@http://xorg.freedesktop.org/releases/individual/lib/libFS-1.0.7.tar.bz2
xlib_libICE@http://xorg.freedesktop.org/releases/individual/lib/libICE-1.0.9.tar.bz2
xlib_libSM@http://xorg.freedesktop.org/releases/individual/lib/libSM-1.2.2.tar.bz2
xlib_libX11@https://xorg.freedesktop.org/archive/individual/lib/libX11-1.6.5.tar.bz2
xlib_libXScrnSaver@http://xorg.freedesktop.org/releases/individual/lib/libXScrnSaver-1.2.2.tar.bz2
xlib_libXau@http://xorg.freedesktop.org/releases/individual/lib/libXau-1.0.8.tar.bz2
xlib_libXaw@http://xorg.freedesktop.org/releases/individual/lib/libXaw-1.0.13.tar.bz2
xlib_libXcomposite@http://xorg.freedesktop.org/releases/individual/lib/libXcomposite-0.4.4.tar.bz2
xlib_libXcursor@http://xorg.freedesktop.org/releases/individual/lib/libXcursor-1.1.14.tar.bz2
xlib_libXdamage@http://xorg.freedesktop.org/releases/individual/lib/libXdamage-1.1.4.tar.bz2
xlib_libXdmcp@http://xorg.freedesktop.org/releases/individual/lib/libXdmcp-1.1.2.tar.bz2
xlib_libXext@http://xorg.freedesktop.org/releases/individual/lib/libXext-1.3.3.tar.bz2
xlib_libXfixes@http://xorg.freedesktop.org/releases/individual/lib/libXfixes-5.0.3.tar.bz2
xlib_libXfont@http://xorg.freedesktop.org/releases/individual/lib/libXfont-1.5.2.tar.bz2
xlib_libXfont2@http://xorg.freedesktop.org/releases/individual/lib/libXfont2-2.0.1.tar.bz2
xlib_libXft@http://xorg.freedesktop.org/releases/individual/lib/libXft-2.3.2.tar.bz2
xlib_libXi@http://xorg.freedesktop.org/releases/individual/lib/libXi-1.7.9.tar.bz2
xlib_libXinerama@http://xorg.freedesktop.org/releases/individual/lib/libXinerama-1.1.3.tar.bz2
xlib_libXmu@http://xorg.freedesktop.org/releases/individual/lib/libXmu-1.1.2.tar.bz2
xlib_libXpm@http://xorg.freedesktop.org/releases/individual/lib/libXpm-3.5.12.tar.bz2
xlib_libXrandr@http://xorg.freedesktop.org/releases/individual/lib/libXrandr-1.5.1.tar.bz2
xlib_libXrender@http://xorg.freedesktop.org/releases/individual/lib/libXrender-0.9.10.tar.bz2
xlib_libXres@http://xorg.freedesktop.org/releases/individual/lib/libXres-1.0.7.tar.bz2
xlib_libXt@http://xorg.freedesktop.org/releases/individual/lib/libXt-1.1.5.tar.bz2
xlib_libXtst@http://xorg.freedesktop.org/releases/individual/lib/libXtst-1.2.3.tar.bz2
xlib_libXv@http://xorg.freedesktop.org/releases/individual/lib/libXv-1.0.11.tar.bz2
xlib_libXvMC@http://xorg.freedesktop.org/releases/individual/lib/libXvMC-1.0.10.tar.bz2
xlib_libXxf86vm@http://xorg.freedesktop.org/releases/individual/lib/libXxf86vm-1.1.4.tar.bz2
xlib_libfontenc@http://xorg.freedesktop.org/releases/individual/lib/libfontenc-1.1.3.tar.bz2
xlib_libxkbfile@http://xorg.freedesktop.org/releases/individual/lib/libxkbfile-1.0.9.tar.bz2
xlib_libxshmfence@http://xorg.freedesktop.org/releases/individual/lib/libxshmfence-1.2.tar.bz2
xlib_xtrans@http://xorg.freedesktop.org/releases/individual/lib/xtrans-1.3.5.tar.bz2
xproto_bigreqsproto@http://xorg.freedesktop.org/releases/individual/proto/bigreqsproto-1.1.2.tar.bz2
xproto_compositeproto@http://xorg.freedesktop.org/releases/individual/proto/compositeproto-0.4.2.tar.bz2
xproto_damageproto@http://xorg.freedesktop.org/releases/individual/proto/damageproto-1.2.1.tar.bz2
xproto_dri2proto@http://xorg.freedesktop.org/releases/individual/proto/dri2proto-2.8.tar.bz2
xproto_dri3proto@http://xorg.freedesktop.org/releases/individual/proto/dri3proto-1.0.tar.bz2
xproto_fixesproto@http://xorg.freedesktop.org/releases/individual/proto/fixesproto-5.0.tar.bz2
xproto_fontsproto@http://xorg.freedesktop.org/releases/individual/proto/fontsproto-2.1.3.tar.bz2
xproto_glproto@http://xorg.freedesktop.org/releases/individual/proto/glproto-1.4.17.tar.bz2
xproto_inputproto@http://xorg.freedesktop.org/releases/individual/proto/inputproto-2.3.2.tar.bz2
xproto_kbproto@http://xorg.freedesktop.org/releases/individual/proto/kbproto-1.0.7.tar.bz2
xproto_presentproto@http://xorg.freedesktop.org/releases/individual/proto/presentproto-1.1.tar.bz2
xproto_randrproto@http://xorg.freedesktop.org/releases/individual/proto/randrproto-1.5.0.tar.bz2
xproto_recordproto@http://xorg.freedesktop.org/releases/individual/proto/recordproto-1.14.2.tar.bz2
xproto_renderproto@http://xorg.freedesktop.org/releases/individual/proto/renderproto-0.11.1.tar.bz2
xproto_resourceproto@http://xorg.freedesktop.org/releases/individual/proto/resourceproto-1.2.0.tar.bz2
xproto_scrnsaverproto@http://xorg.freedesktop.org/releases/individual/proto/scrnsaverproto-1.2.2.tar.bz2
xproto_videoproto@http://xorg.freedesktop.org/releases/individual/proto/videoproto-2.3.3.tar.bz2
xproto_xcmiscproto@http://xorg.freedesktop.org/releases/individual/proto/xcmiscproto-1.2.2.tar.bz2
xproto_xextproto@http://xorg.freedesktop.org/releases/individual/proto/xextproto-7.3.0.tar.bz2
xproto_xf86bigfontproto@http://xorg.freedesktop.org/releases/individual/proto/xf86bigfontproto-1.2.0.tar.bz2
xproto_xf86dgaproto@http://xorg.freedesktop.org/releases/individual/proto/xf86dgaproto-2.1.tar.bz2
xproto_xf86driproto@http://xorg.freedesktop.org/releases/individual/proto/xf86driproto-2.1.1.tar.bz2
xproto_xf86vidmodeproto@http://xorg.freedesktop.org/releases/individual/proto/xf86vidmodeproto-2.3.1.tar.bz2
xproto_xineramaproto@http://xorg.freedesktop.org/releases/individual/proto/xineramaproto-1.2.1.tar.bz2
xproto_xproto@http://xorg.freedesktop.org/releases/individual/proto/xproto-7.0.31.tar.bz2
xserver_xorg-server@https://xorg.freedesktop.org/archive/individual/xserver/xorg-server-1.19.3.tar.bz2
xfsprogs@https://cdn.kernel.org/pub/linux/utils/fs/xfs/xfsprogs/xfsprogs-4.8.0.tar.xz
xterm@http://invisible-mirror.net/archives/xterm/xterm-327.tgz
xutil_util-macros@http://xorg.freedesktop.org/releases/individual/util/util-macros-1.19.1.tar.bz2
xz@http://tukaani.org/xz/xz-5.2.3.tar.bz2
yad@http://sourceforge.net/projects/yad-dialog/files/yad-0.33.1.tar.xz
yasm@http://www.tortall.net/projects/yasm/releases/yasm-1.3.0.tar.gz
zip@ftp://ftp.info-zip.org/pub/infozip/src/zip30.tgz
zlib@http://www.zlib.net/zlib-1.2.11.tar.xz
host-fakeroot@http://snapshot.debian.org/archive/debian/20141005T221953Z/pool/main/f/fakeroot/fakeroot_1.20.2.orig.tar.bz2
